638.2  311.3
644.0  296.2
646.5  281.0
649.6  265.8
654.7  250.6
655.1  249.8
661.3  235.4
666.6  220.2
673.5  205.0
674.2  203.1
679.0  189.8
681.5  174.7
683.4  159.5
685.7  144.3
687.7  129.1
688.0  113.9
687.3  98.7
686.6  83.5
686.7  68.3
687.4  53.2
688.9  38.0
691.1  22.8
692.9  7.6
100.4  106.2
119.6  106.2
129.0  113.9
138.7  128.2
139.7  129.1
157.8  143.5
158.8  144.3
176.9  156.2
181.1  159.5
192.7  174.7
196.1  179.4
209.1  189.8
215.2  196.0
223.9  205.0
234.3  216.2
238.6  220.2
253.4  233.5
255.7  235.4
272.6  247.9
277.1  250.6
291.7  256.7
307.9  265.8
310.8  267.3
329.2  281.0
329.9  281.6
349.1  292.1
360.2  296.2
368.2  300.4
382.5  311.3
387.3  316.7
400.4  326.5
406.4  332.8
425.6  339.3
444.7  335.8
463.8  335.4
482.9  336.2
502.1  336.9
521.2  337.7
540.3  339.0
559.4  341.1
565.9  341.7
578.6  342.8
591.1  341.7
597.7  340.7
616.8  330.4
622.2  326.5
635.9  313.9
638.2  311.3
