151.5  17.2
152.0  16.0
152.3  15.4
152.5  14.8
153.0  13.7
153.6  12.5
153.7  12.0
154.0  11.3
154.2  10.1
154.5  8.9
154.7  7.7
154.9  6.5
155.2  5.8
155.3  5.3
156.2  4.2
156.6  3.7
157.3  3.0
158.0  2.1
158.4  1.8
159.3  0.6
146.5  20.5
148.0  20.2
149.4  19.8
149.8  19.6
150.8  18.6
151.0  18.4
151.5  17.2
