353.1  74.2
355.0  73.3
361.3  68.3
364.7  62.3
365.0  60.5
365.4  56.4
365.9  50.5
366.7  44.5
368.1  38.6
369.9  32.7
372.0  26.7
374.4  20.8
375.0  19.5
377.5  14.8
380.6  8.9
382.8  3.0
105.0  22.8
115.0  26.2
116.2  26.7
125.0  31.0
128.1  32.7
134.0  38.6
135.0  40.3
140.9  44.5
145.0  45.7
155.0  48.2
161.0  50.5
165.0  52.3
172.1  56.4
175.0  60.2
177.1  62.3
182.3  68.3
185.0  71.6
188.6  74.2
195.0  77.7
201.0  80.2
205.0  81.4
215.0  84.7
219.1  86.1
225.0  87.9
235.0  90.7
241.0  92.0
245.0  92.9
255.0  93.9
265.0  94.1
275.0  93.8
285.0  93.1
292.8  92.0
295.0  91.6
305.0  88.8
313.4  86.1
315.0  85.5
325.0  83.1
335.0  80.8
337.5  80.2
345.0  77.6
353.1  74.2
