275.0  104.3
285.0  103.3
295.0  101.4
305.0  96.1
305.5  95.6
314.7  84.4
315.0  84.0
321.8  73.1
325.0  63.0
325.2  61.9
326.7  50.6
327.7  39.4
328.7  28.1
329.6  16.9
330.4  5.6
105.0  76.4
115.0  78.4
120.0  84.4
125.0  88.2
133.3  95.6
135.0  96.0
145.0  101.0
151.2  106.9
155.0  113.1
161.1  118.1
165.0  120.4
175.0  127.5
178.5  129.4
185.0  132.5
195.0  136.0
205.0  134.8
210.5  129.4
207.7  118.1
205.0  111.2
201.5  106.9
198.7  95.6
205.0  87.2
215.0  88.6
225.0  93.9
227.9  95.6
233.6  106.9
235.0  108.4
245.0  107.1
246.0  106.9
255.0  104.3
265.0  104.7
275.0  104.3
